// Jest Snapshot v1, https://goo.gl/fbAQLP

exports[`LoginPage should match the snapshot 1`] = `
<DocumentFragment>
  <div
    class="container"
  >
    <h3
      class="title"
    >
      LOG IN
    </h3>
    <form
      action="#"
    >
      <div
        class="field"
      >
        <label
          class="label"
          for="username"
        >
          Name
        </label>
        <div
          class="control"
        >
          <input
            data-testid="name"
            name="username"
            type="text"
            value=""
          />
        </div>
        <p
          class="help is-danger"
          data-testid="nameErrors"
        />
      </div>
      <div
        class="field"
      >
        <label
          class="label"
          for="password"
        >
          Password
        </label>
        <div
          class="control"
        >
          <input
            data-testid="password"
            name="password"
            type="password"
            value=""
          />
        </div>
        <p
          class="help is-danger"
          data-testid="passwordErrors"
        />
      </div>
      <div
        class="control"
      >
        <button
          class="button"
          data-testid="submit"
          type="submit"
        >
          Log In
        </button>
      </div>
    </form>
  </div>
</DocumentFragment>
`;
