// Jest Snapshot v1, https://goo.gl/fbAQLP

exports[`TableWithSelectors should match the snapshot 1`] = `
<DocumentFragment>
  <div>
    <table
      class="table"
    >
      <thead>
        <tr>
          <td
            data-testid="header-col1"
          >
            <span
              class="icon mx-3"
            >
              Col 1
              <i
                class="ml-1 fas fa-thin fa-sort-up"
              />
            </span>
          </td>
          <td
            data-testid="header-col2"
          >
            <span
              class="mx-3"
            >
               Col 2
            </span>
          </td>
          <td
            data-testid="header-col3"
          >
            <span
              class="mx-3"
            >
               Col 3
            </span>
          </td>
          <td>
            <center>
              <input
                data-testid="toggleSelectAll"
                type="checkbox"
              />
            </center>
          </td>
        </tr>
      </thead>
      <tbody>
        <tr>
          <td>
            11
          </td>
          <td>
            12
          </td>
          <td>
            13
          </td>
          <td>
            <center>
              <input
                data-testid="checkBoxItem11"
                type="checkbox"
              />
            </center>
          </td>
        </tr>
        <tr>
          <td>
            21
          </td>
          <td>
            22
          </td>
          <td>
            23
          </td>
          <td>
            <center>
              <input
                data-testid="checkBoxItem21"
                type="checkbox"
              />
            </center>
          </td>
        </tr>
      </tbody>
    </table>
    <div
      class="level"
    >
      <div
        class="level-left"
      >
        <div
          class="ml-3 level-item"
        >
          <input
            class="pageNumber"
            data-testid="pagenumber-input"
            min="1"
            type="number"
            value=""
          />
          <span
            class="icon"
          >
            <i
              class="fas fa-thin fa-forward"
            />
          </span>
        </div>
        <div
          class="ml-3 level-item"
        >
          <span>
            Per page: 
          </span>
          <select
            data-testid="pagesize-select"
          >
            <option
              value="5"
            >
              5
            </option>
            <option
              value="10"
            >
              10
            </option>
            <option
              value="20"
            >
              20
            </option>
          </select>
        </div>
      </div>
    </div>
  </div>
</DocumentFragment>
`;
