// Jest Snapshot v1, https://goo.gl/fbAQLP

exports[`PageSelector Should match the snapshot 1`] = `
<DocumentFragment>
  <div
    class="ml-3 level-item"
  >
    <span
      class="icon"
    >
      <i
        class="fas fa-thin fa-backward"
      />
    </span>
    <input
      class="pageNumber"
      data-testid="pagenumber-input"
      min="1"
      type="number"
      value="5"
    />
    <span
      class="icon"
    >
      <i
        class="fas fa-thin fa-forward"
      />
    </span>
  </div>
</DocumentFragment>
`;
