// Jest Snapshot v1, https://goo.gl/fbAQLP

exports[`should match the snapshot 1`] = `
<DocumentFragment>
  <div
    class="container"
  >
    <h3
      class="title"
    >
      LISTS
    </h3>
    <table
      class="table"
    >
      <thead>
        <tr>
          <td>
            Name
          </td>
          <td>
            # Items
          </td>
          <td>
            <button
              class="button is-small"
              data-testid="addNew"
            >
              <span
                class="icon is-small"
              >
                <i
                  class="fas fa-plus"
                />
              </span>
            </button>
          </td>
        </tr>
      </thead>
      <tbody>
        <tr>
          <td>
            <a
              class="has-text-black"
              data-testid="editList1"
              href="/lists/1/edit"
            >
              user1
            </a>
          </td>
          <td>
            <span>
              <center>
                4
              </center>
            </span>
          </td>
          <td>
            <center>
              <a
                class="has-text-black"
                data-testid="deleteList1"
                href="/lists/1/delete"
              >
                <span
                  class="icon is-small"
                >
                  <i
                    class="fas fa-trash-alt fa-xs"
                  />
                </span>
              </a>
            </center>
          </td>
        </tr>
        <tr>
          <td>
            <a
              class="has-text-black"
              data-testid="editList2"
              href="/lists/2/edit"
            >
              user2
            </a>
          </td>
          <td>
            <span>
              <center>
                6
              </center>
            </span>
          </td>
          <td>
            <center>
              <a
                class="has-text-black"
                data-testid="deleteList2"
                href="/lists/2/delete"
              >
                <span
                  class="icon is-small"
                >
                  <i
                    class="fas fa-trash-alt fa-xs"
                  />
                </span>
              </a>
            </center>
          </td>
        </tr>
      </tbody>
    </table>
  </div>
</DocumentFragment>
`;
