// Jest Snapshot v1, https://goo.gl/fbAQLP

exports[`should match the snapshot 1`] = `
<DocumentFragment>
  <div
    class="container"
  >
    <h3
      class="title"
    >
      Delete list ListName
    </h3>
    <div
      class="buttons"
    >
      <button
        class="button is-danger"
        data-testid="yes"
      >
        YES
      </button>
      <button
        class="button"
        data-testid="no"
      >
        NO
      </button>
    </div>
  </div>
</DocumentFragment>
`;
