// Jest Snapshot v1, https://goo.gl/fbAQLP

exports[`ListPage should match the snapshot 1`] = `
<DocumentFragment>
  <div
    class="container"
  >
    <nav
      aria-label="breadcrumbs"
      class="breadcrumb"
    >
      <ul>
        <li>
          <a
            href="/"
          >
            Home
          </a>
        </li>
        <li
          class="is-active"
        >
          <a
            aria-current="page"
            href="/lists"
          >
            Lists
          </a>
        </li>
      </ul>
    </nav>
    <h3
      class="title"
    >
      LISTS
    </h3>
    <table
      class="table"
    >
      <thead>
        <tr>
          <td>
            Name
          </td>
          <td>
            # Items
          </td>
          <td>
            <button
              class="button is-small"
              data-testid="addNew"
            >
              <span
                class="icon is-small"
              >
                <i
                  class="fas fa-plus"
                />
              </span>
            </button>
          </td>
        </tr>
      </thead>
      <tbody>
        <tr>
          <td>
            <a
              class="has-text-black"
              data-testid="viewList1"
              href="/lists/1"
            >
              list1
            </a>
          </td>
          <td>
            <span>
              <center>
                4
              </center>
            </span>
          </td>
          <td>
            <center>
              <a
                class="has-text-black delete"
                data-testid="deleteList1"
                href="/lists/1/delete"
              />
            </center>
          </td>
        </tr>
        <tr>
          <td>
            <a
              class="has-text-black"
              data-testid="viewList2"
              href="/lists/2"
            >
              list2
            </a>
          </td>
          <td>
            <span>
              <center>
                6
              </center>
            </span>
          </td>
          <td>
            <center>
              <a
                class="has-text-black delete"
                data-testid="deleteList2"
                href="/lists/2/delete"
              />
            </center>
          </td>
        </tr>
      </tbody>
    </table>
  </div>
</DocumentFragment>
`;
